14:30:17 テスト開始
14:30:17 プラグイン起動
14:30:19 起動待機完了
14:30:19 メッセージ送信: こんにちは、あなたは誰ですか？
14:30:54 レスポンス待機完了
14:30:54 バッファ内容:
14:30:54   [user]
14:30:54   こんにちは、あなたは誰ですか？
14:30:54   
14:30:54   [assistant]
14:30:54   こんにちは！はOpenAIが開発したAIアシスタントです。質問に答えたり、情報を提供したり、様々なトピックについて会話をしたりすることができます。どうぞ、お気軽に質問してください！私
14:30:54   
14:30:54   
14:30:54 プラグイン停止
14:30:55 テスト終了
